[MODE] random input + dual(fp64 gt / npu-aligned bench), no example dump
device=4 out_root=/data/fangziyang/code/0525/flash-linear-attention-npu/torch_custom/fla_npu/test/bwd_dhu_out cases=9 suite=unsupported

========== gva_fix_3 ==========
B=711 Hk/Hv=4/32 T=196 K=128 V=128 cs=128 varlen=False
[W703 18:16:58.678179010 NPUCachingAllocator.cpp:196] Warning: The current CANN and Soc Version require processing for 32 padding size, with memory allocation. (function operator())
================== dh (dual: fp64 gt / npu-aligned bench) ==================
[CT] 日志文件将保存至: ct_dual_report.log
[CT] ================================================================================
[CT] 双标杆等级: [36mL1[0m   数据类型: [36mfloat32[0m
[CT] --------------------------------------------------------------------------------
[CT] [33m[配置信息]:[0m
[CT]   最大相对误差比例阈值:   	5.0
[CT]   平均相对误差比例阈值:   	1.5
[CT]   均方根误差比例阈值:     	1.5
[CT]   小值域错误计数比例阈值: 	2.0
[CT]   小值域阈值:            	6.103515625e-05
[CT]   小值域错误阈值:        	9.313225746154785e-10
[CT] --------------------------------------------------------------------------------
[CT] [33m[数据分布统计]:[0m (统计值基于有限值，忽略 Inf/NaN)
[CT]  ┌──────────┬──────────┬──────────┬────────────────┬────────────────┬────────────────┬────────────────┬────────────────┐
[CT]  │ 数据     │ 总数     │ 有限值   │ 最大值         │ 最小值         │ 均值           │ 中位数         │ 方差           │
[CT]  ├──────────┼──────────┼──────────┼────────────────┼────────────────┼────────────────┼────────────────┼────────────────┤
[CT]  │ Test     │ 745537536 │ 745537536 │ 9.784698e-04   │ -9.407997e-04  │ 1.147332e-09   │ 0.000000e+00   │ 1.297030e-08   │
[CT]  │ Golden   │ 745537536 │ 745537536 │ 9.787735e-04   │ -9.411220e-04  │ 1.149240e-09   │ 0.000000e+00   │ 1.297030e-08   │
[CT]  │ Bench    │ 745537536 │ 745537536 │ 9.784698e-04   │ -9.412766e-04  │ 1.151021e-09   │ 0.000000e+00   │ 1.297030e-08   │
[CT]  └──────────┴──────────┴──────────┴────────────────┴────────────────┴────────────────┴────────────────┴────────────────┘
[CT] --------------------------------------------------------------------------------
[CT] [33m[对比结果]:[0m
[CT] --------------------------------------------------------------------------------
[CT]  1. Inf/NaN 特殊值一致性检查: 	[[32mPASS[0m]
[CT]  2. 数值精度指标详细对比:
[CT] --------------------------------------------------------------------------------
[CT]  ┌─────────────────┬──────────────┬──────────────┬────────────┬──────────┬────────┐
[CT]  │ 指标类别        │ 待测数据     │ 标杆数据     │ 比值       │ 阈值     │ 结果   │
[CT]  ├─────────────────┼──────────────┼──────────────┼────────────┼──────────┼────────┤
[CT]  │ MARE_ratio      │ 0.001157     │ 0.000627     │ 1.8442     │ 5.00     │ [32mOK[0m     │
[CT]  │ MERE_ratio      │ 0.000240     │ 0.000179     │ 1.3414     │ 1.50     │ [32mOK[0m     │
[CT]  │ RMSE_ratio      │ 0.000000     │ 0.000000     │ 0.0009     │ 1.50     │ [32mOK[0m     │
[CT]  │ ERR_COUNT_ratio │ 106799787    │ 106668195    │ 1.0012     │ 2.00     │ [32mOK[0m     │
[CT]  └─────────────────┴──────────────┴──────────────┴────────────┴──────────┴────────┘
[CT] --------------------------------------------------------------------------------
[CT] ================================================================================
[dh] dual PASS: checks={'inf_nan': True, 'max_re': True, 'mean_re': True, 'rmse': True, 'small_err': True} ratios={'max_re_ratio': 1.8441820529219262, 'mean_re_ratio': 1.3413608512618722, 'rmse_ratio': 0.00091667648718044, 'small_err_ratio': 1.0012336573240037}
================== dv2 (dual: fp64 gt / npu-aligned bench) ==================
[CT] 日志文件将保存至: ct_dual_report.log
[CT] ================================================================================
[CT] 双标杆等级: [36mL1[0m   数据类型: [36mfloat32[0m
[CT] --------------------------------------------------------------------------------
[CT] [33m[配置信息]:[0m
[CT]   最大相对误差比例阈值:   	5.0
[CT]   平均相对误差比例阈值:   	1.5
[CT]   均方根误差比例阈值:     	1.5
[CT]   小值域错误计数比例阈值: 	2.0
[CT]   小值域阈值:            	6.103515625e-05
[CT]   小值域错误阈值:        	9.313225746154785e-10
[CT] --------------------------------------------------------------------------------
[CT] [33m[数据分布统计]:[0m (统计值基于有限值，忽略 Inf/NaN)
[CT]  ┌──────────┬──────────┬──────────┬────────────────┬────────────────┬────────────────┬────────────────┬────────────────┐
[CT]  │ 数据     │ 总数     │ 有限值   │ 最大值         │ 最小值         │ 均值           │ 中位数         │ 方差           │
[CT]  ├──────────┼──────────┼──────────┼────────────────┼────────────────┼────────────────┼────────────────┼────────────────┤
[CT]  │ Test     │ 570802176 │ 570802176 │ 9.033203e-03   │ -9.033203e-03  │ 2.401420e-07   │ 2.980232e-07   │ 2.699908e-05   │
[CT]  │ Golden   │ 570802176 │ 570802176 │ 9.033203e-03   │ -9.033203e-03  │ 2.401350e-07   │ 2.980232e-07   │ 2.699908e-05   │
[CT]  │ Bench    │ 570802176 │ 570802176 │ 9.033203e-03   │ -9.033203e-03  │ 2.401367e-07   │ 2.980232e-07   │ 2.699908e-05   │
[CT]  └──────────┴──────────┴──────────┴────────────────┴────────────────┴────────────────┴────────────────┴────────────────┘
[CT] --------------------------------------------------------------------------------
[CT] [33m[对比结果]:[0m
[CT] --------------------------------------------------------------------------------
[CT]  1. Inf/NaN 特殊值一致性检查: 	[[32mPASS[0m]
[CT]  2. 数值精度指标详细对比:
[CT] --------------------------------------------------------------------------------
[CT]  ┌─────────────────┬──────────────┬──────────────┬────────────┬──────────┬────────┐
[CT]  │ 指标类别        │ 待测数据     │ 标杆数据     │ 比值       │ 阈值     │ 结果   │
[CT]  ├─────────────────┼──────────────┼──────────────┼────────────┼──────────┼────────┤
[CT]  │ MARE_ratio      │ 0.000977     │ 0.000977     │ 1.0000     │ 5.00     │ [32mOK[0m     │
[CT]  │ MERE_ratio      │ 0.000006     │ 0.000000     │ 0.1035     │ 1.50     │ [32mOK[0m     │
[CT]  │ RMSE_ratio      │ 0.000000     │ 0.000000     │ 0.0032     │ 1.50     │ [32mOK[0m     │
[CT]  │ ERR_COUNT_ratio │ 493014       │ 49373        │ 9.9855     │ 2.00     │ [31mFAIL[0m   │
[CT]  └─────────────────┴──────────────┴──────────────┴────────────┴──────────┴────────┘
[CT] --------------------------------------------------------------------------------
[CT] [31m[FAIL 分析与诊断]:[0m
[CT]  [33m>> Small Value (小值域) 异常分析:[0m
[CT]   小值域数据占比: 3872761/570802176 (0.68%)
[CT]   待测小值域错误占比: 493014/3872761 (12.73%)
[CT]   标杆小值域错误占比: 49373/3872761 (1.27%)
[CT]   发现 469699 个点发生了精度退化 (即：真值很小，标杆误差达标，但待测误差超标)。
[CT]   典型退化样本:
[CT]    Golden: -8.58e-06 -> Test_Diff: 5.96e-08 (Bench_Diff: 0.00e+00)
[CT]    Golden: -3.08e-05 -> Test_Diff: 5.96e-08 (Bench_Diff: 0.00e+00)
[CT]    Golden: 2.87e-05 -> Test_Diff: 5.96e-08 (Bench_Diff: 0.00e+00)
[CT] ================================================================================
[dv2] dual FAIL: checks={'inf_nan': True, 'max_re': True, 'mean_re': True, 'rmse': True, 'small_err': False} ratios={'max_re_ratio': 1.0, 'mean_re_ratio': 0.10354005862161753, 'rmse_ratio': 0.0031791812116847037, 'small_err_ratio': 9.985498146760374}

========== gva_var_5 ==========
B=1 Hk/Hv=4/32 T=65536 K=128 V=128 cs=128 varlen=True
================== dh (dual: fp64 gt / npu-aligned bench) ==================
[CT] 日志文件将保存至: ct_dual_report.log
[CT] ================================================================================
[CT] 双标杆等级: [36mL1[0m   数据类型: [36mfloat32[0m
[CT] --------------------------------------------------------------------------------
[CT] [33m[配置信息]:[0m
[CT]   最大相对误差比例阈值:   	5.0
[CT]   平均相对误差比例阈值:   	1.5
[CT]   均方根误差比例阈值:     	1.5
[CT]   小值域错误计数比例阈值: 	2.0
[CT]   小值域阈值:            	6.103515625e-05
[CT]   小值域错误阈值:        	9.313225746154785e-10
[CT] --------------------------------------------------------------------------------
[CT] [33m[数据分布统计]:[0m (统计值基于有限值，忽略 Inf/NaN)
[CT]  ┌──────────┬──────────┬──────────┬────────────────┬────────────────┬────────────────┬────────────────┬────────────────┐
[CT]  │ 数据     │ 总数     │ 有限值   │ 最大值         │ 最小值         │ 均值           │ 中位数         │ 方差           │
[CT]  ├──────────┼──────────┼──────────┼────────────────┼────────────────┼────────────────┼────────────────┼────────────────┤
[CT]  │ Test     │ 268435456 │ 268435456 │ 6.256104e-03   │ -5.981445e-03  │ 1.774696e-07   │ 0.000000e+00   │ 6.876878e-07   │
[CT]  │ Golden   │ 268435456 │ 268435456 │ 6.269993e-03   │ -6.000874e-03  │ 1.789374e-07   │ 0.000000e+00   │ 6.877114e-07   │
[CT]  │ Bench    │ 268435456 │ 268435456 │ 6.286621e-03   │ -5.981445e-03  │ 1.786885e-07   │ 0.000000e+00   │ 6.876886e-07   │
[CT]  └──────────┴──────────┴──────────┴────────────────┴────────────────┴────────────────┴────────────────┴────────────────┘
[CT] --------------------------------------------------------------------------------
[CT] [33m[对比结果]:[0m
[CT] --------------------------------------------------------------------------------
[CT]  1. Inf/NaN 特殊值一致性检查: 	[[32mPASS[0m]
[CT]  2. 数值精度指标详细对比:
[CT] --------------------------------------------------------------------------------
[CT]  ┌─────────────────┬──────────────┬──────────────┬────────────┬──────────┬────────┐
[CT]  │ 指标类别        │ 待测数据     │ 标杆数据     │ 比值       │ 阈值     │ 结果   │
[CT]  ├─────────────────┼──────────────┼──────────────┼────────────┼──────────┼────────┤
[CT]  │ MARE_ratio      │ 0.665808     │ 0.681057     │ 0.9776     │ 5.00     │ [32mOK[0m     │
[CT]  │ MERE_ratio      │ 0.007044     │ 0.006398     │ 1.1009     │ 1.50     │ [32mOK[0m     │
[CT]  │ RMSE_ratio      │ 0.000005     │ 0.000005     │ 0.0829     │ 1.50     │ [32mOK[0m     │
[CT]  │ ERR_COUNT_ratio │ 18475414     │ 18467178     │ 1.0004     │ 2.00     │ [32mOK[0m     │
[CT]  └─────────────────┴──────────────┴──────────────┴────────────┴──────────┴────────┘
[CT] --------------------------------------------------------------------------------
[CT] ================================================================================
[dh] dual PASS: checks={'inf_nan': True, 'max_re': True, 'mean_re': True, 'rmse': True, 'small_err': True} ratios={'max_re_ratio': 0.9776093216962334, 'mean_re_ratio': 1.100937384192693, 'rmse_ratio': 0.08285979778305864, 'small_err_ratio': 1.0004459804307946}
================== dv2 (dual: fp64 gt / npu-aligned bench) ==================
[CT] 日志文件将保存至: ct_dual_report.log
[CT] ================================================================================
[CT] 双标杆等级: [36mL1[0m   数据类型: [36mfloat32[0m
[CT] --------------------------------------------------------------------------------
[CT] [33m[配置信息]:[0m
[CT]   最大相对误差比例阈值:   	5.0
[CT]   平均相对误差比例阈值:   	1.5
[CT]   均方根误差比例阈值:     	1.5
[CT]   小值域错误计数比例阈值: 	2.0
[CT]   小值域阈值:            	6.103515625e-05
[CT]   小值域错误阈值:        	9.313225746154785e-10
[CT] --------------------------------------------------------------------------------
[CT] [33m[数据分布统计]:[0m (统计值基于有限值，忽略 Inf/NaN)
[CT]  ┌──────────┬──────────┬──────────┬────────────────┬────────────────┬────────────────┬────────────────┬────────────────┐
[CT]  │ 数据     │ 总数     │ 有限值   │ 最大值         │ 最小值         │ 均值           │ 中位数         │ 方差           │
[CT]  ├──────────┼──────────┼──────────┼────────────────┼────────────────┼────────────────┼────────────────┼────────────────┤
[CT]  │ Test     │ 268435456 │ 268435456 │ 9.216309e-03   │ -9.155273e-03  │ -5.592622e-07  │ -3.576279e-07  │ 2.700127e-05   │
[CT]  │ Golden   │ 268435456 │ 268435456 │ 9.216309e-03   │ -9.155273e-03  │ -5.593942e-07  │ -3.315508e-07  │ 2.700128e-05   │
[CT]  │ Bench    │ 268435456 │ 268435456 │ 9.216309e-03   │ -9.155273e-03  │ -5.593987e-07  │ -3.334135e-07  │ 2.700128e-05   │
[CT]  └──────────┴──────────┴──────────┴────────────────┴────────────────┴────────────────┴────────────────┴────────────────┘
[CT] --------------------------------------------------------------------------------
[CT] [33m[对比结果]:[0m
[CT] --------------------------------------------------------------------------------
[CT]  1. Inf/NaN 特殊值一致性检查: 	[[32mPASS[0m]
[CT]  2. 数值精度指标详细对比:
[CT] --------------------------------------------------------------------------------
[CT]  ┌─────────────────┬──────────────┬──────────────┬────────────┬──────────┬────────┐
[CT]  │ 指标类别        │ 待测数据     │ 标杆数据     │ 比值       │ 阈值     │ 结果   │
[CT]  ├─────────────────┼──────────────┼──────────────┼────────────┼──────────┼────────┤
[CT]  │ MARE_ratio      │ 0.030303     │ 0.023256     │ 1.3030     │ 5.00     │ [32mOK[0m     │
[CT]  │ MERE_ratio      │ 0.000091     │ 0.000077     │ 1.1828     │ 1.50     │ [32mOK[0m     │
[CT]  │ RMSE_ratio      │ 0.000002     │ 0.000002     │ 0.0338     │ 1.50     │ [32mOK[0m     │
[CT]  │ ERR_COUNT_ratio │ 1157516      │ 1099533      │ 1.0527     │ 2.00     │ [32mOK[0m     │
[CT]  └─────────────────┴──────────────┴──────────────┴────────────┴──────────┴────────┘
[CT] --------------------------------------------------------------------------------
[CT] ================================================================================
[dv2] dual PASS: checks={'inf_nan': True, 'max_re': True, 'mean_re': True, 'rmse': True, 'small_err': True} ratios={'max_re_ratio': 1.303030303030303, 'mean_re_ratio': 1.182798910109155, 'rmse_ratio': 0.033817466394284124, 'small_err_ratio': 1.0527342062493805}

========== phase_1_fix_11 ==========
B=16 Hk/Hv=32/32 T=16384 K=128 V=128 cs=64 varlen=False
