device=7 save_out=0 skip=smoke_varlen_t256_v256,fixed_b176_t24_v256
[MODE] random input + dual(fp64 gt / npu-aligned bench), no example dump
device=7 save_out=False skip=['fixed_b176_t24_v256', 'smoke_varlen_t256_v256'] cases=11 Vdim=256

========== smoke_varlen_t256_v256 ========== SKIP (already tested)

========== smoke_fixed_t4096_v256 ==========
B=1 Hk/Hv=16/32 T=4096 K=128 V=256 cs=64 varlen=False
[W625 19:05:53.815073610 NPUCachingAllocator.cpp:196] Warning: The current CANN and Soc Version require processing for 32 padding size, with memory allocation. (function operator())
================== dh (dual: fp64 gt / npu-aligned bench) ==================
[CT] 日志文件将保存至: ct_dual_report.log
[CT] ================================================================================
[CT] 双标杆等级: [36mL1[0m   数据类型: [36mfloat32[0m
[CT] --------------------------------------------------------------------------------
[CT] [33m[配置信息]:[0m
[CT]   最大相对误差比例阈值:   	5.0
[CT]   平均相对误差比例阈值:   	1.5
[CT]   均方根误差比例阈值:     	1.5
[CT]   小值域错误计数比例阈值: 	2.0
[CT]   小值域阈值:            	6.103515625e-05
[CT]   小值域错误阈值:        	9.313225746154785e-10
[CT] --------------------------------------------------------------------------------
[CT] [33m[数据分布统计]:[0m (统计值基于有限值，忽略 Inf/NaN)
[CT]  ┌──────────┬──────────┬──────────┬────────────────┬────────────────┬────────────────┬────────────────┬────────────────┐
[CT]  │ 数据     │ 总数     │ 有限值   │ 最大值         │ 最小值         │ 均值           │ 中位数         │ 方差           │
[CT]  ├──────────┼──────────┼──────────┼────────────────┼────────────────┼────────────────┼────────────────┼────────────────┤
[CT]  │ Test     │ 67108864 │ 67108864 │ 5.218506e-03   │ -5.187988e-03  │ 1.297446e-06   │ 0.000000e+00   │ 6.311133e-07   │
[CT]  │ Golden   │ 67108864 │ 67108864 │ 5.201331e-03   │ -5.172418e-03  │ 1.295114e-06   │ 0.000000e+00   │ 6.311609e-07   │
[CT]  │ Bench    │ 67108864 │ 67108864 │ 5.218506e-03   │ -5.187988e-03  │ 1.294126e-06   │ 0.000000e+00   │ 6.311315e-07   │
[CT]  └──────────┴──────────┴──────────┴────────────────┴────────────────┴────────────────┴────────────────┴────────────────┘
[CT] --------------------------------------------------------------------------------
[CT] [33m[对比结果]:[0m
[CT] --------------------------------------------------------------------------------
[CT]  1. Inf/NaN 特殊值一致性检查: 	[[32mPASS[0m]
[CT]  2. 数值精度指标详细对比:
[CT] --------------------------------------------------------------------------------
[CT]  ┌─────────────────┬──────────────┬──────────────┬────────────┬──────────┬────────┐
[CT]  │ 指标类别        │ 待测数据     │ 标杆数据     │ 比值       │ 阈值     │ 结果   │
[CT]  ├─────────────────┼──────────────┼──────────────┼────────────┼──────────┼────────┤
[CT]  │ MARE_ratio      │ 0.816913     │ 0.778218     │ 1.0497     │ 5.00     │ [32mOK[0m     │
[CT]  │ MERE_ratio      │ 0.008826     │ 0.008284     │ 1.0654     │ 1.50     │ [32mOK[0m     │
[CT]  │ RMSE_ratio      │ 0.000006     │ 0.000006     │ 0.1039     │ 1.50     │ [32mOK[0m     │
[CT]  │ ERR_COUNT_ratio │ 5015335      │ 5013527      │ 1.0004     │ 2.00     │ [32mOK[0m     │
[CT]  └─────────────────┴──────────────┴──────────────┴────────────┴──────────┴────────┘
[CT] --------------------------------------------------------------------------------
[CT] ================================================================================
[dh] dual PASS: checks={'inf_nan': True, 'max_re': True, 'mean_re': True, 'rmse': True, 'small_err': True} ratios={'max_re_ratio': 1.0497225758230437, 'mean_re_ratio': 1.065429876500703, 'rmse_ratio': 0.10393135359055779, 'small_err_ratio': 1.000360624366838}
================== dv2 (dual: fp64 gt / npu-aligned bench) ==================
[CT] 日志文件将保存至: ct_dual_report.log
[CT] ================================================================================
[CT] 双标杆等级: [36mL1[0m   数据类型: [36mfloat32[0m
[CT] --------------------------------------------------------------------------------
[CT] [33m[配置信息]:[0m
[CT]   最大相对误差比例阈值:   	5.0
[CT]   平均相对误差比例阈值:   	1.5
[CT]   均方根误差比例阈值:     	1.5
[CT]   小值域错误计数比例阈值: 	2.0
[CT]   小值域阈值:            	6.103515625e-05
[CT]   小值域错误阈值:        	9.313225746154785e-10
[CT] --------------------------------------------------------------------------------
[CT] [33m[数据分布统计]:[0m (统计值基于有限值，忽略 Inf/NaN)
[CT]  ┌──────────┬──────────┬──────────┬────────────────┬────────────────┬────────────────┬────────────────┬────────────────┐
[CT]  │ 数据     │ 总数     │ 有限值   │ 最大值         │ 最小值         │ 均值           │ 中位数         │ 方差           │
[CT]  ├──────────┼──────────┼──────────┼────────────────┼────────────────┼────────────────┼────────────────┼────────────────┤
[CT]  │ Test     │ 33554432 │ 33554432 │ 9.155273e-03   │ -9.155273e-03  │ -6.073808e-07  │ -7.152557e-07  │ 2.700281e-05   │
[CT]  │ Golden   │ 33554432 │ 33554432 │ 9.155273e-03   │ -9.155273e-03  │ -6.076061e-07  │ -7.171184e-07  │ 2.700281e-05   │
[CT]  │ Bench    │ 33554432 │ 33554432 │ 9.155273e-03   │ -9.155273e-03  │ -6.072959e-07  │ -7.152557e-07  │ 2.700281e-05   │
[CT]  └──────────┴──────────┴──────────┴────────────────┴────────────────┴────────────────┴────────────────┴────────────────┘
[CT] --------------------------------------------------------------------------------
[CT] [33m[对比结果]:[0m
[CT] --------------------------------------------------------------------------------
[CT]  1. Inf/NaN 特殊值一致性检查: 	[[32mPASS[0m]
[CT]  2. 数值精度指标详细对比:
[CT] --------------------------------------------------------------------------------
[CT]  ┌─────────────────┬──────────────┬──────────────┬────────────┬──────────┬────────┐
[CT]  │ 指标类别        │ 待测数据     │ 标杆数据     │ 比值       │ 阈值     │ 结果   │
[CT]  ├─────────────────┼──────────────┼──────────────┼────────────┼──────────┼────────┤
[CT]  │ MARE_ratio      │ 0.024691     │ 0.030769     │ 0.8025     │ 5.00     │ [32mOK[0m     │
[CT]  │ MERE_ratio      │ 0.000109     │ 0.000099     │ 1.1092     │ 1.50     │ [32mOK[0m     │
[CT]  │ RMSE_ratio      │ 0.000002     │ 0.000002     │ 0.0373     │ 1.50     │ [32mOK[0m     │
[CT]  │ ERR_COUNT_ratio │ 155534       │ 150735       │ 1.0318     │ 2.00     │ [32mOK[0m     │
[CT]  └─────────────────┴──────────────┴──────────────┴────────────┴──────────┴────────┘
[CT] --------------------------------------------------------------------------------
[CT] ================================================================================
[dv2] dual PASS: checks={'inf_nan': True, 'max_re': True, 'mean_re': True, 'rmse': True, 'small_err': True} ratios={'max_re_ratio': 0.802469135802469, 'mean_re_ratio': 1.1092325849578295, 'rmse_ratio': 0.03726574650735529, 'small_err_ratio': 1.0318373304143031}
FAIL: name 'save_out' is not defined

========== fixed_b16_t2048_v256 ==========
B=16 Hk/Hv=21/63 T=2048 K=128 V=256 cs=64 varlen=False
