device=2 save_out=0 skip=smoke_varlen_t256_v256,smoke_fixed_t4096_v256,fixed_b176_t24_v256,varlen_t16384_v256_cu128
[MODE] random input + dual(fp64 gt / npu-aligned bench), no example dump
device=2 save_out=False skip=['fixed_b176_t24_v256', 'smoke_fixed_t4096_v256', 'smoke_varlen_t256_v256', 'varlen_t16384_v256_cu128'] cases=11 Vdim=256

========== smoke_varlen_t256_v256 ========== SKIP (already tested)

========== smoke_fixed_t4096_v256 ========== SKIP (already tested)

========== varlen_t16384_v256_cu2 ==========
B=1 Hk/Hv=21/63 T=16384 K=128 V=256 cs=64 varlen=True
[W625 21:24:59.381123850 NPUCachingAllocator.cpp:196] Warning: The current CANN and Soc Version require processing for 32 padding size, with memory allocation. (function operator())
================== dh (dual: fp64 gt / npu-aligned bench) ==================
[CT] 日志文件将保存至: ct_dual_report.log
[CT] ================================================================================
[CT] 双标杆等级: [36mL1[0m   数据类型: [36mfloat32[0m
[CT] --------------------------------------------------------------------------------
[CT] [33m[配置信息]:[0m
[CT]   最大相对误差比例阈值:   	5.0
[CT]   平均相对误差比例阈值:   	1.5
[CT]   均方根误差比例阈值:     	1.5
[CT]   小值域错误计数比例阈值: 	2.0
[CT]   小值域阈值:            	6.103515625e-05
[CT]   小值域错误阈值:        	9.313225746154785e-10
[CT] --------------------------------------------------------------------------------
[CT] [33m[数据分布统计]:[0m (统计值基于有限值，忽略 Inf/NaN)
[CT]  ┌──────────┬──────────┬──────────┬────────────────┬────────────────┬────────────────┬────────────────┬────────────────┐
[CT]  │ 数据     │ 总数     │ 有限值   │ 最大值         │ 最小值         │ 均值           │ 中位数         │ 方差           │
[CT]  ├──────────┼──────────┼──────────┼────────────────┼────────────────┼────────────────┼────────────────┼────────────────┤
[CT]  │ Test     │ 528482304 │ 528482304 │ 8.483887e-03   │ -9.643555e-03  │ -1.745265e-07  │ 0.000000e+00   │ 1.604822e-06   │
[CT]  │ Golden   │ 528482304 │ 528482304 │ 8.516627e-03   │ -9.576617e-03  │ -1.875472e-07  │ 0.000000e+00   │ 1.605127e-06   │
[CT]  │ Bench    │ 528482304 │ 528482304 │ 8.483887e-03   │ -9.582520e-03  │ -1.777191e-07  │ 0.000000e+00   │ 1.604842e-06   │
[CT]  └──────────┴──────────┴──────────┴────────────────┴────────────────┴────────────────┴────────────────┴────────────────┘
[CT] --------------------------------------------------------------------------------
[CT] [33m[对比结果]:[0m
[CT] --------------------------------------------------------------------------------
[CT]  1. Inf/NaN 特殊值一致性检查: 	[[32mPASS[0m]
[CT]  2. 数值精度指标详细对比:
[CT] --------------------------------------------------------------------------------
[CT]  ┌─────────────────┬──────────────┬──────────────┬────────────┬──────────┬────────┐
[CT]  │ 指标类别        │ 待测数据     │ 标杆数据     │ 比值       │ 阈值     │ 结果   │
[CT]  ├─────────────────┼──────────────┼──────────────┼────────────┼──────────┼────────┤
[CT]  │ MARE_ratio      │ 2.588937     │ 2.218679     │ 1.1669     │ 5.00     │ [32mOK[0m     │
[CT]  │ MERE_ratio      │ 0.016288     │ 0.015870     │ 1.0264     │ 1.50     │ [32mOK[0m     │
[CT]  │ RMSE_ratio      │ 0.000016     │ 0.000016     │ 0.2695     │ 1.50     │ [32mOK[0m     │
[CT]  │ ERR_COUNT_ratio │ 24603136     │ 24599534     │ 1.0001     │ 2.00     │ [32mOK[0m     │
[CT]  └─────────────────┴──────────────┴──────────────┴────────────┴──────────┴────────┘
[CT] --------------------------------------------------------------------------------
[CT] ================================================================================
[dh] dual PASS: checks={'inf_nan': True, 'max_re': True, 'mean_re': True, 'rmse': True, 'small_err': True} ratios={'max_re_ratio': 1.166882465730084, 'mean_re_ratio': 1.0263622634656198, 'rmse_ratio': 0.26954133812408143, 'small_err_ratio': 1.0001464255379797}
================== dv2 (dual: fp64 gt / npu-aligned bench) ==================
[CT] 日志文件将保存至: ct_dual_report.log
[CT] ================================================================================
[CT] 双标杆等级: [36mL1[0m   数据类型: [36mfloat32[0m
[CT] --------------------------------------------------------------------------------
[CT] [33m[配置信息]:[0m
[CT]   最大相对误差比例阈值:   	5.0
[CT]   平均相对误差比例阈值:   	1.5
[CT]   均方根误差比例阈值:     	1.5
[CT]   小值域错误计数比例阈值: 	2.0
[CT]   小值域阈值:            	6.103515625e-05
[CT]   小值域错误阈值:        	9.313225746154785e-10
[CT] --------------------------------------------------------------------------------
[CT] [33m[数据分布统计]:[0m (统计值基于有限值，忽略 Inf/NaN)
[CT]  ┌──────────┬──────────┬──────────┬────────────────┬────────────────┬────────────────┬────────────────┬────────────────┐
[CT]  │ 数据     │ 总数     │ 有限值   │ 最大值         │ 最小值         │ 均值           │ 中位数         │ 方差           │
[CT]  ├──────────┼──────────┼──────────┼────────────────┼────────────────┼────────────────┼────────────────┼────────────────┤
[CT]  │ Test     │ 264241152 │ 264241152 │ 9.277344e-03   │ -9.338379e-03  │ -5.464216e-07  │ -4.768372e-07  │ 2.700288e-05   │
[CT]  │ Golden   │ 264241152 │ 264241152 │ 9.277344e-03   │ -9.338379e-03  │ -5.468662e-07  │ -5.140901e-07  │ 2.700290e-05   │
[CT]  │ Bench    │ 264241152 │ 264241152 │ 9.277344e-03   │ -9.338379e-03  │ -5.465650e-07  │ -5.178154e-07  │ 2.700290e-05   │
[CT]  └──────────┴──────────┴──────────┴────────────────┴────────────────┴────────────────┴────────────────┴────────────────┘
[CT] --------------------------------------------------------------------------------
[CT] [33m[对比结果]:[0m
[CT] --------------------------------------------------------------------------------
[CT]  1. Inf/NaN 特殊值一致性检查: 	[[32mPASS[0m]
[CT]  2. 数值精度指标详细对比:
[CT] --------------------------------------------------------------------------------
[CT]  ┌─────────────────┬──────────────┬──────────────┬────────────┬──────────┬────────┐
[CT]  │ 指标类别        │ 待测数据     │ 标杆数据     │ 比值       │ 阈值     │ 结果   │
[CT]  ├─────────────────┼──────────────┼──────────────┼────────────┼──────────┼────────┤
[CT]  │ MARE_ratio      │ 0.079137     │ 0.069853     │ 1.1329     │ 5.00     │ [32mOK[0m     │
[CT]  │ MERE_ratio      │ 0.000279     │ 0.000269     │ 1.0385     │ 1.50     │ [32mOK[0m     │
[CT]  │ RMSE_ratio      │ 0.000004     │ 0.000004     │ 0.0591     │ 1.50     │ [32mOK[0m     │
[CT]  │ ERR_COUNT_ratio │ 1525602      │ 1513421      │ 1.0080     │ 2.00     │ [32mOK[0m     │
[CT]  └─────────────────┴──────────────┴──────────────┴────────────┴──────────┴────────┘
[CT] --------------------------------------------------------------------------------
[CT] ================================================================================
[dv2] dual PASS: checks={'inf_nan': True, 'max_re': True, 'mean_re': True, 'rmse': True, 'small_err': True} ratios={'max_re_ratio': 1.1329042029534266, 'mean_re_ratio': 1.0385130299926624, 'rmse_ratio': 0.05907941061226904, 'small_err_ratio': 1.0080486526881813}

========== varlen_t16384_v256_cu128 ========== SKIP (already tested)

========== varlen_t65536_v256_cu17 ==========
B=1 Hk/Hv=4/32 T=65536 K=128 V=256 cs=128 varlen=True
================== dh (dual: fp64 gt / npu-aligned bench) ==================
[CT] 日志文件将保存至: ct_dual_report.log
[CT] ================================================================================
[CT] 双标杆等级: [36mL1[0m   数据类型: [36mfloat32[0m
[CT] --------------------------------------------------------------------------------
[CT] [33m[配置信息]:[0m
[CT]   最大相对误差比例阈值:   	5.0
[CT]   平均相对误差比例阈值:   	1.5
[CT]   均方根误差比例阈值:     	1.5
[CT]   小值域错误计数比例阈值: 	2.0
[CT]   小值域阈值:            	6.103515625e-05
[CT]   小值域错误阈值:        	9.313225746154785e-10
[CT] --------------------------------------------------------------------------------
[CT] [33m[数据分布统计]:[0m (统计值基于有限值，忽略 Inf/NaN)
[CT]  ┌──────────┬──────────┬──────────┬────────────────┬────────────────┬────────────────┬────────────────┬────────────────┐
[CT]  │ 数据     │ 总数     │ 有限值   │ 最大值         │ 最小值         │ 均值           │ 中位数         │ 方差           │
[CT]  ├──────────┼──────────┼──────────┼────────────────┼────────────────┼────────────────┼────────────────┼────────────────┤
[CT]  │ Test     │ 536870912 │ 536870912 │ 6.622314e-03   │ -6.530762e-03  │ -7.051443e-08  │ 0.000000e+00   │ 6.882881e-07   │
[CT]  │ Golden   │ 536870912 │ 536870912 │ 6.622607e-03   │ -6.514915e-03  │ -6.976688e-08  │ 0.000000e+00   │ 6.883124e-07   │
[CT]  │ Bench    │ 536870912 │ 536870912 │ 6.622314e-03   │ -6.530762e-03  │ -7.027978e-08  │ 0.000000e+00   │ 6.882902e-07   │
[CT]  └──────────┴──────────┴──────────┴────────────────┴────────────────┴────────────────┴────────────────┴────────────────┘
[CT] --------------------------------------------------------------------------------
[CT] [33m[对比结果]:[0m
[CT] --------------------------------------------------------------------------------
[CT]  1. Inf/NaN 特殊值一致性检查: 	[[32mPASS[0m]
[CT]  2. 数值精度指标详细对比:
[CT] --------------------------------------------------------------------------------
[CT]  ┌─────────────────┬──────────────┬──────────────┬────────────┬──────────┬────────┐
[CT]  │ 指标类别        │ 待测数据     │ 标杆数据     │ 比值       │ 阈值     │ 结果   │
[CT]  ├─────────────────┼──────────────┼──────────────┼────────────┼──────────┼────────┤
[CT]  │ MARE_ratio      │ 0.754350     │ 0.642850     │ 1.1734     │ 5.00     │ [32mOK[0m     │
[CT]  │ MERE_ratio      │ 0.007044     │ 0.006398     │ 1.1009     │ 1.50     │ [32mOK[0m     │
[CT]  │ RMSE_ratio      │ 0.000005     │ 0.000005     │ 0.0829     │ 1.50     │ [32mOK[0m     │
[CT]  │ ERR_COUNT_ratio │ 36952064     │ 36935602     │ 1.0004     │ 2.00     │ [32mOK[0m     │
[CT]  └─────────────────┴──────────────┴──────────────┴────────────┴──────────┴────────┘
[CT] --------------------------------------------------------------------------------
[CT] ================================================================================
[dh] dual PASS: checks={'inf_nan': True, 'max_re': True, 'mean_re': True, 'rmse': True, 'small_err': True} ratios={'max_re_ratio': 1.1734472427774425, 'mean_re_ratio': 1.1009207146524644, 'rmse_ratio': 0.08286357078897263, 'small_err_ratio': 1.0004456946444247}
================== dv2 (dual: fp64 gt / npu-aligned bench) ==================
[CT] 日志文件将保存至: ct_dual_report.log
[CT] ================================================================================
[CT] 双标杆等级: [36mL1[0m   数据类型: [36mfloat32[0m
[CT] --------------------------------------------------------------------------------
[CT] [33m[配置信息]:[0m
[CT]   最大相对误差比例阈值:   	5.0
[CT]   平均相对误差比例阈值:   	1.5
[CT]   均方根误差比例阈值:     	1.5
[CT]   小值域错误计数比例阈值: 	2.0
[CT]   小值域阈值:            	6.103515625e-05
[CT]   小值域错误阈值:        	9.313225746154785e-10
[CT] --------------------------------------------------------------------------------
[CT] [33m[数据分布统计]:[0m (统计值基于有限值，忽略 Inf/NaN)
[CT]  ┌──────────┬──────────┬──────────┬────────────────┬────────────────┬────────────────┬────────────────┬────────────────┐
[CT]  │ 数据     │ 总数     │ 有限值   │ 最大值         │ 最小值         │ 均值           │ 中位数         │ 方差           │
[CT]  ├──────────┼──────────┼──────────┼────────────────┼────────────────┼────────────────┼────────────────┼────────────────┤
[CT]  │ Test     │ 536870912 │ 536870912 │ 9.216309e-03   │ -9.216309e-03  │ -1.658117e-07  │ -2.533197e-07  │ 2.700114e-05   │
[CT]  │ Golden   │ 536870912 │ 536870912 │ 9.216309e-03   │ -9.216309e-03  │ -1.659175e-07  │ -2.980232e-07  │ 2.700115e-05   │
[CT]  │ Bench    │ 536870912 │ 536870912 │ 9.216309e-03   │ -9.216309e-03  │ -1.658439e-07  │ -2.961606e-07  │ 2.700115e-05   │
[CT]  └──────────┴──────────┴──────────┴────────────────┴────────────────┴────────────────┴────────────────┴────────────────┘
[CT] --------------------------------------------------------------------------------
[CT] [33m[对比结果]:[0m
[CT] --------------------------------------------------------------------------------
[CT]  1. Inf/NaN 特殊值一致性检查: 	[[32mPASS[0m]
[CT]  2. 数值精度指标详细对比:
[CT] --------------------------------------------------------------------------------
[CT]  ┌─────────────────┬──────────────┬──────────────┬────────────┬──────────┬────────┐
[CT]  │ 指标类别        │ 待测数据     │ 标杆数据     │ 比值       │ 阈值     │ 结果   │
[CT]  ├─────────────────┼──────────────┼──────────────┼────────────┼──────────┼────────┤
[CT]  │ MARE_ratio      │ 0.027132     │ 0.023256     │ 1.1667     │ 5.00     │ [32mOK[0m     │
[CT]  │ MERE_ratio      │ 0.000091     │ 0.000077     │ 1.1835     │ 1.50     │ [32mOK[0m     │
[CT]  │ RMSE_ratio      │ 0.000002     │ 0.000002     │ 0.0338     │ 1.50     │ [32mOK[0m     │
[CT]  │ ERR_COUNT_ratio │ 2316699      │ 2202768      │ 1.0517     │ 2.00     │ [32mOK[0m     │
[CT]  └─────────────────┴──────────────┴──────────────┴────────────┴──────────┴────────┘
[CT] --------------------------------------------------------------------------------
[CT] ================================================================================
[dv2] dual PASS: checks={'inf_nan': True, 'max_re': True, 'mean_re': True, 'rmse': True, 'small_err': True} ratios={'max_re_ratio': 1.1666666666666667, 'mean_re_ratio': 1.1834980455141368, 'rmse_ratio': 0.03380274357153704, 'small_err_ratio': 1.0517217428253907}

========== varlen_t65536_v256_cu172 ==========
B=1 Hk/Hv=8/32 T=65536 K=128 V=256 cs=128 varlen=True
================== dh (dual: fp64 gt / npu-aligned bench) ==================
[CT] 日志文件将保存至: ct_dual_report.log
[CT] ================================================================================
[CT] 双标杆等级: [36mL1[0m   数据类型: [36mfloat32[0m
[CT] --------------------------------------------------------------------------------
[CT] [33m[配置信息]:[0m
[CT]   最大相对误差比例阈值:   	5.0
[CT]   平均相对误差比例阈值:   	1.5
[CT]   均方根误差比例阈值:     	1.5
[CT]   小值域错误计数比例阈值: 	2.0
[CT]   小值域阈值:            	6.103515625e-05
[CT]   小值域错误阈值:        	9.313225746154785e-10
[CT] --------------------------------------------------------------------------------
[CT] [33m[数据分布统计]:[0m (统计值基于有限值，忽略 Inf/NaN)
[CT]  ┌──────────┬──────────┬──────────┬────────────────┬────────────────┬────────────────┬────────────────┬────────────────┐
[CT]  │ 数据     │ 总数     │ 有限值   │ 最大值         │ 最小值         │ 均值           │ 中位数         │ 方差           │
[CT]  ├──────────┼──────────┼──────────┼────────────────┼────────────────┼────────────────┼────────────────┼────────────────┤
[CT]  │ Test     │ 537919488 │ 537919488 │ 1.815796e-03   │ -1.815796e-03  │ -4.498153e-09  │ 0.000000e+00   │ 4.848990e-08   │
[CT]  │ Golden   │ 537919488 │ 537919488 │ 1.809143e-03   │ -1.816498e-03  │ -4.469896e-09  │ 0.000000e+00   │ 4.849037e-08   │
[CT]  │ Bench    │ 537919488 │ 537919488 │ 1.808167e-03   │ -1.815796e-03  │ -4.504831e-09  │ 0.000000e+00   │ 4.849017e-08   │
[CT]  └──────────┴──────────┴──────────┴────────────────┴────────────────┴────────────────┴────────────────┴────────────────┘
[CT] --------------------------------------------------------------------------------
[CT] [33m[对比结果]:[0m
[CT] --------------------------------------------------------------------------------
[CT]  1. Inf/NaN 特殊值一致性检查: 	[[32mPASS[0m]
[CT]  2. 数值精度指标详细对比:
[CT] --------------------------------------------------------------------------------
[CT]  ┌─────────────────┬──────────────┬──────────────┬────────────┬──────────┬────────┐
[CT]  │ 指标类别        │ 待测数据     │ 标杆数据     │ 比值       │ 阈值     │ 结果   │
[CT]  ├─────────────────┼──────────────┼──────────────┼────────────┼──────────┼────────┤
[CT]  │ MARE_ratio      │ 0.084133     │ 0.041525     │ 2.0261     │ 5.00     │ [32mOK[0m     │
[CT]  │ MERE_ratio      │ 0.002386     │ 0.001855     │ 1.2861     │ 1.50     │ [32mOK[0m     │
[CT]  │ RMSE_ratio      │ 0.000001     │ 0.000001     │ 0.0126     │ 1.50     │ [32mOK[0m     │
[CT]  │ ERR_COUNT_ratio │ 66474678     │ 66309386     │ 1.0025     │ 2.00     │ [32mOK[0m     │
[CT]  └─────────────────┴──────────────┴──────────────┴────────────┴──────────┴────────┘
[CT] --------------------------------------------------------------------------------
[CT] ================================================================================
[dh] dual PASS: checks={'inf_nan': True, 'max_re': True, 'mean_re': True, 'rmse': True, 'small_err': True} ratios={'max_re_ratio': 2.0260918803391132, 'mean_re_ratio': 1.2860677739695932, 'rmse_ratio': 0.012629877503250987, 'small_err_ratio': 1.0024927391123784}
================== dv2 (dual: fp64 gt / npu-aligned bench) ==================
[CT] 日志文件将保存至: ct_dual_report.log
[CT] ================================================================================
[CT] 双标杆等级: [36mL1[0m   数据类型: [36mfloat32[0m
[CT] --------------------------------------------------------------------------------
[CT] [33m[配置信息]:[0m
[CT]   最大相对误差比例阈值:   	5.0
[CT]   平均相对误差比例阈值:   	1.5
[CT]   均方根误差比例阈值:     	1.5
[CT]   小值域错误计数比例阈值: 	2.0
[CT]   小值域阈值:            	6.103515625e-05
[CT]   小值域错误阈值:        	9.313225746154785e-10
[CT] --------------------------------------------------------------------------------
[CT] [33m[数据分布统计]:[0m (统计值基于有限值，忽略 Inf/NaN)
[CT]  ┌──────────┬──────────┬──────────┬────────────────┬────────────────┬────────────────┬────────────────┬────────────────┐
[CT]  │ 数据     │ 总数     │ 有限值   │ 最大值         │ 最小值         │ 均值           │ 中位数         │ 方差           │
[CT]  ├──────────┼──────────┼──────────┼────────────────┼────────────────┼────────────────┼────────────────┼────────────────┤
[CT]  │ Test     │ 536870912 │ 536870912 │ 9.033203e-03   │ -9.033203e-03  │ -1.104966e-07  │ -1.192093e-07  │ 2.699968e-05   │
[CT]  │ Golden   │ 536870912 │ 536870912 │ 9.033203e-03   │ -9.033203e-03  │ -1.104390e-07  │ -1.350418e-07  │ 2.699968e-05   │
[CT]  │ Bench    │ 536870912 │ 536870912 │ 9.033203e-03   │ -9.033203e-03  │ -1.104946e-07  │ -1.345761e-07  │ 2.699968e-05   │
[CT]  └──────────┴──────────┴──────────┴────────────────┴────────────────┴────────────────┴────────────────┴────────────────┘
[CT] --------------------------------------------------------------------------------
[CT] [33m[对比结果]:[0m
[CT] --------------------------------------------------------------------------------
[CT]  1. Inf/NaN 特殊值一致性检查: 	[[32mPASS[0m]
[CT]  2. 数值精度指标详细对比:
[CT] --------------------------------------------------------------------------------
[CT]  ┌─────────────────┬──────────────┬──────────────┬────────────┬──────────┬────────┐
[CT]  │ 指标类别        │ 待测数据     │ 标杆数据     │ 比值       │ 阈值     │ 结果   │
[CT]  ├─────────────────┼──────────────┼──────────────┼────────────┼──────────┼────────┤
[CT]  │ MARE_ratio      │ 0.007812     │ 0.007812     │ 1.0000     │ 5.00     │ [32mOK[0m     │
[CT]  │ MERE_ratio      │ 0.000013     │ 0.000006     │ 0.2135     │ 1.50     │ [32mOK[0m     │
[CT]  │ RMSE_ratio      │ 0.000001     │ 0.000000     │ 0.0121     │ 1.50     │ [32mOK[0m     │
[CT]  │ ERR_COUNT_ratio │ 682361       │ 474221       │ 1.4389     │ 2.00     │ [32mOK[0m     │
[CT]  └─────────────────┴──────────────┴──────────────┴────────────┴──────────┴────────┘
[CT] --------------------------------------------------------------------------------
[CT] ================================================================================
[dv2] dual PASS: checks={'inf_nan': True, 'max_re': True, 'mean_re': True, 'rmse': True, 'small_err': True} ratios={'max_re_ratio': 1.0, 'mean_re_ratio': 0.21350405598183078, 'rmse_ratio': 0.01209480165716055, 'small_err_ratio': 1.4389092849114653}

========== varlen_t65536_v256_cu668 ==========
B=1 Hk/Hv=16/32 T=65536 K=128 V=256 cs=64 varlen=True
================== dh (dual: fp64 gt / npu-aligned bench) ==================
[CT] 日志文件将保存至: ct_dual_report.log
[CT] ================================================================================
[CT] 双标杆等级: [36mL1[0m   数据类型: [36mfloat32[0m
[CT] --------------------------------------------------------------------------------
[CT] [33m[配置信息]:[0m
[CT]   最大相对误差比例阈值:   	5.0
[CT]   平均相对误差比例阈值:   	1.5
[CT]   均方根误差比例阈值:     	1.5
[CT]   小值域错误计数比例阈值: 	2.0
[CT]   小值域阈值:            	6.103515625e-05
[CT]   小值域错误阈值:        	9.313225746154785e-10
[CT] --------------------------------------------------------------------------------
[CT] [33m[数据分布统计]:[0m (统计值基于有限值，忽略 Inf/NaN)
[CT]  ┌──────────┬──────────┬──────────┬────────────────┬────────────────┬────────────────┬────────────────┬────────────────┐
[CT]  │ 数据     │ 总数     │ 有限值   │ 最大值         │ 最小值         │ 均值           │ 中位数         │ 方差           │
[CT]  ├──────────┼──────────┼──────────┼────────────────┼────────────────┼────────────────┼────────────────┼────────────────┤
[CT]  │ Test     │ 1398800384 │ 1398800384 │ 7.019043e-04   │ -7.286072e-04  │ -1.760131e-11  │ 0.000000e+00   │ 6.535289e-09   │
[CT]  │ Golden   │ 1398800384 │ 1398800384 │ 7.046666e-04   │ -7.292826e-04  │ -1.383680e-11  │ 0.000000e+00   │ 6.535331e-09   │
[CT]  │ Bench    │ 1398800384 │ 1398800384 │ 7.057190e-04   │ -7.286072e-04  │ -7.902696e-12  │ 0.000000e+00   │ 6.535319e-09   │
[CT]  └──────────┴──────────┴──────────┴────────────────┴────────────────┴────────────────┴────────────────┴────────────────┘
[CT] --------------------------------------------------------------------------------
[CT] [33m[对比结果]:[0m
[CT] --------------------------------------------------------------------------------
[CT]  1. Inf/NaN 特殊值一致性检查: 	[[32mPASS[0m]
[CT]  2. 数值精度指标详细对比:
[CT] --------------------------------------------------------------------------------
[CT]  ┌─────────────────┬──────────────┬──────────────┬────────────┬──────────┬────────┐
[CT]  │ 指标类别        │ 待测数据     │ 标杆数据     │ 比值       │ 阈值     │ 结果   │
[CT]  ├─────────────────┼──────────────┼──────────────┼────────────┼──────────┼────────┤
[CT]  │ MARE_ratio      │ 0.008653     │ 0.004966     │ 1.7425     │ 5.00     │ [32mOK[0m     │
[CT]  │ MERE_ratio      │ 0.001922     │ 0.001445     │ 1.3300     │ 1.50     │ [32mOK[0m     │
[CT]  │ RMSE_ratio      │ 0.000000     │ 0.000000     │ 0.0056     │ 1.50     │ [32mOK[0m     │
[CT]  │ ERR_COUNT_ratio │ 280036641    │ 278793447    │ 1.0045     │ 2.00     │ [32mOK[0m     │
[CT]  └─────────────────┴──────────────┴──────────────┴────────────┴──────────┴────────┘
[CT] --------------------------------------------------------------------------------
[CT] ================================================================================
[dh] dual PASS: checks={'inf_nan': True, 'max_re': True, 'mean_re': True, 'rmse': True, 'small_err': True} ratios={'max_re_ratio': 1.742455204893735, 'mean_re_ratio': 1.3299909519452107, 'rmse_ratio': 0.005616106109103735, 'small_err_ratio': 1.0044591937629008}
================== dv2 (dual: fp64 gt / npu-aligned bench) ==================
[CT] 日志文件将保存至: ct_dual_report.log
[CT] ================================================================================
[CT] 双标杆等级: [36mL1[0m   数据类型: [36mfloat32[0m
[CT] --------------------------------------------------------------------------------
[CT] [33m[配置信息]:[0m
[CT]   最大相对误差比例阈值:   	5.0
[CT]   平均相对误差比例阈值:   	1.5
[CT]   均方根误差比例阈值:     	1.5
[CT]   小值域错误计数比例阈值: 	2.0
[CT]   小值域阈值:            	6.103515625e-05
[CT]   小值域错误阈值:        	9.313225746154785e-10
[CT] --------------------------------------------------------------------------------
[CT] [33m[数据分布统计]:[0m (统计值基于有限值，忽略 Inf/NaN)
[CT]  ┌──────────┬──────────┬──────────┬────────────────┬────────────────┬────────────────┬────────────────┬────────────────┐
[CT]  │ 数据     │ 总数     │ 有限值   │ 最大值         │ 最小值         │ 均值           │ 中位数         │ 方差           │
[CT]  ├──────────┼──────────┼──────────┼────────────────┼────────────────┼────────────────┼────────────────┼────────────────┤
[CT]  │ Test     │ 536870912 │ 536870912 │ 8.972168e-03   │ -8.972168e-03  │ 1.139735e-07   │ 2.142042e-07   │ 2.699911e-05   │
[CT]  │ Golden   │ 536870912 │ 536870912 │ 8.972168e-03   │ -8.972168e-03  │ 1.139589e-07   │ 2.169982e-07   │ 2.699911e-05   │
[CT]  │ Bench    │ 536870912 │ 536870912 │ 8.972168e-03   │ -8.972168e-03  │ 1.139585e-07   │ 2.169982e-07   │ 2.699911e-05   │
[CT]  └──────────┴──────────┴──────────┴────────────────┴────────────────┴────────────────┴────────────────┴────────────────┘
[CT] --------------------------------------------------------------------------------
[CT] [33m[对比结果]:[0m
[CT] --------------------------------------------------------------------------------
[CT]  1. Inf/NaN 特殊值一致性检查: 	[[32mPASS[0m]
[CT]  2. 数值精度指标详细对比:
[CT] --------------------------------------------------------------------------------
[CT]  ┌─────────────────┬──────────────┬──────────────┬────────────┬──────────┬────────┐
[CT]  │ 指标类别        │ 待测数据     │ 标杆数据     │ 比值       │ 阈值     │ 结果   │
[CT]  ├─────────────────┼──────────────┼──────────────┼────────────┼──────────┼────────┤
[CT]  │ MARE_ratio      │ 0.007812     │ 0.007812     │ 1.0000     │ 5.00     │ [32mOK[0m     │
[CT]  │ MERE_ratio      │ 0.000005     │ 0.000002     │ 0.0741     │ 1.50     │ [32mOK[0m     │
[CT]  │ RMSE_ratio      │ 0.000000     │ 0.000000     │ 0.0041     │ 1.50     │ [32mOK[0m     │
[CT]  │ ERR_COUNT_ratio │ 360190       │ 214173       │ 1.6818     │ 2.00     │ [32mOK[0m     │
[CT]  └─────────────────┴──────────────┴──────────────┴────────────┴──────────┴────────┘
[CT] --------------------------------------------------------------------------------
[CT] ================================================================================
[dv2] dual PASS: checks={'inf_nan': True, 'max_re': True, 'mean_re': True, 'rmse': True, 'small_err': True} ratios={'max_re_ratio': 1.0, 'mean_re_ratio': 0.0740769480601644, 'rmse_ratio': 0.004079808832811967, 'small_err_ratio': 1.6817712783590835}

========== fixed_b16_t2048_v256 ==========
B=16 Hk/Hv=21/63 T=2048 K=128 V=256 cs=64 varlen=False
================== dh (dual: fp64 gt / npu-aligned bench) ==================
[CT] 日志文件将保存至: ct_dual_report.log
[CT] ================================================================================
[CT] 双标杆等级: [36mL1[0m   数据类型: [36mfloat32[0m
[CT] --------------------------------------------------------------------------------
[CT] [33m[配置信息]:[0m
[CT]   最大相对误差比例阈值:   	5.0
[CT]   平均相对误差比例阈值:   	1.5
[CT]   均方根误差比例阈值:     	1.5
[CT]   小值域错误计数比例阈值: 	2.0
[CT]   小值域阈值:            	6.103515625e-05
[CT]   小值域错误阈值:        	9.313225746154785e-10
[CT] --------------------------------------------------------------------------------
[CT] [33m[数据分布统计]:[0m (统计值基于有限值，忽略 Inf/NaN)
[CT]  ┌──────────┬──────────┬──────────┬────────────────┬────────────────┬────────────────┬────────────────┬────────────────┐
[CT]  │ 数据     │ 总数     │ 有限值   │ 最大值         │ 最小值         │ 均值           │ 中位数         │ 方差           │
[CT]  ├──────────┼──────────┼──────────┼────────────────┼────────────────┼────────────────┼────────────────┼────────────────┤
[CT]  │ Test     │ 1056964608 │ 1056964608 │ 4.302979e-03   │ -4.791260e-03  │ -5.865408e-08  │ 0.000000e+00   │ 3.425887e-07   │
[CT]  │ Golden   │ 1056964608 │ 1056964608 │ 4.270556e-03   │ -4.781684e-03  │ -5.889311e-08  │ 0.000000e+00   │ 3.426016e-07   │
[CT]  │ Bench    │ 1056964608 │ 1056964608 │ 4.302979e-03   │ -4.791260e-03  │ -5.878371e-08  │ 0.000000e+00   │ 3.425887e-07   │
[CT]  └──────────┴──────────┴──────────┴────────────────┴────────────────┴────────────────┴────────────────┴────────────────┘
[CT] --------------------------------------------------------------------------------
[CT] [33m[对比结果]:[0m
[CT] --------------------------------------------------------------------------------
[CT]  1. Inf/NaN 特殊值一致性检查: 	[[32mPASS[0m]
[CT]  2. 数值精度指标详细对比:
[CT] --------------------------------------------------------------------------------
[CT]  ┌─────────────────┬──────────────┬──────────────┬────────────┬──────────┬────────┐
[CT]  │ 指标类别        │ 待测数据     │ 标杆数据     │ 比值       │ 阈值     │ 结果   │
[CT]  ├─────────────────┼──────────────┼──────────────┼────────────┼──────────┼────────┤
[CT]  │ MARE_ratio      │ 0.462307     │ 0.427034     │ 1.0826     │ 5.00     │ [32mOK[0m     │
[CT]  │ MERE_ratio      │ 0.006398     │ 0.005818     │ 1.0998     │ 1.50     │ [32mOK[0m     │
[CT]  │ RMSE_ratio      │ 0.000004     │ 0.000003     │ 0.0588     │ 1.50     │ [32mOK[0m     │
[CT]  │ ERR_COUNT_ratio │ 103057946    │ 103003754    │ 1.0005     │ 2.00     │ [32mOK[0m     │
[CT]  └─────────────────┴──────────────┴──────────────┴────────────┴──────────┴────────┘
[CT] --------------------------------------------------------------------------------
[CT] ================================================================================
[dh] dual PASS: checks={'inf_nan': True, 'max_re': True, 'mean_re': True, 'rmse': True, 'small_err': True} ratios={'max_re_ratio': 1.082600124552345, 'mean_re_ratio': 1.0997723795009258, 'rmse_ratio': 0.05884942982798121, 'small_err_ratio': 1.0005261167471624}
================== dv2 (dual: fp64 gt / npu-aligned bench) ==================
[CT] 日志文件将保存至: ct_dual_report.log
[CT] ================================================================================
[CT] 双标杆等级: [36mL1[0m   数据类型: [36mfloat32[0m
[CT] --------------------------------------------------------------------------------
[CT] [33m[配置信息]:[0m
[CT]   最大相对误差比例阈值:   	5.0
[CT]   平均相对误差比例阈值:   	1.5
[CT]   均方根误差比例阈值:     	1.5
[CT]   小值域错误计数比例阈值: 	2.0
[CT]   小值域阈值:            	6.103515625e-05
[CT]   小值域错误阈值:        	9.313225746154785e-10
[CT] --------------------------------------------------------------------------------
[CT] [33m[数据分布统计]:[0m (统计值基于有限值，忽略 Inf/NaN)
[CT]  ┌──────────┬──────────┬──────────┬────────────────┬────────────────┬────────────────┬────────────────┬────────────────┐
[CT]  │ 数据     │ 总数     │ 有限值   │ 最大值         │ 最小值         │ 均值           │ 中位数         │ 方差           │
[CT]  ├──────────┼──────────┼──────────┼────────────────┼────────────────┼────────────────┼────────────────┼────────────────┤
[CT]  │ Test     │ 528482304 │ 528482304 │ 9.155273e-03   │ -9.155273e-03  │ -2.936260e-07  │ -4.731119e-07  │ 2.699982e-05   │
[CT]  │ Golden   │ 528482304 │ 528482304 │ 9.155273e-03   │ -9.155273e-03  │ -2.936519e-07  │ -4.470348e-07  │ 2.699983e-05   │
[CT]  │ Bench    │ 528482304 │ 528482304 │ 9.155273e-03   │ -9.155273e-03  │ -2.936868e-07  │ -4.507601e-07  │ 2.699983e-05   │
[CT]  └──────────┴──────────┴──────────┴────────────────┴────────────────┴────────────────┴────────────────┴────────────────┘
[CT] --------------------------------------------------------------------------------
[CT] [33m[对比结果]:[0m
[CT] --------------------------------------------------------------------------------
[CT]  1. Inf/NaN 特殊值一致性检查: 	[[32mPASS[0m]
[CT]  2. 数值精度指标详细对比:
[CT] --------------------------------------------------------------------------------
[CT]  ┌─────────────────┬──────────────┬──────────────┬────────────┬──────────┬────────┐
[CT]  │ 指标类别        │ 待测数据     │ 标杆数据     │ 比值       │ 阈值     │ 结果   │
[CT]  ├─────────────────┼──────────────┼──────────────┼────────────┼──────────┼────────┤
[CT]  │ MARE_ratio      │ 0.020979     │ 0.018293     │ 1.1469     │ 5.00     │ [32mOK[0m     │
[CT]  │ MERE_ratio      │ 0.000064     │ 0.000054     │ 1.0423     │ 1.50     │ [32mOK[0m     │
[CT]  │ RMSE_ratio      │ 0.000002     │ 0.000002     │ 0.0285     │ 1.50     │ [32mOK[0m     │
[CT]  │ ERR_COUNT_ratio │ 1984342      │ 1866105      │ 1.0634     │ 2.00     │ [32mOK[0m     │
[CT]  └─────────────────┴──────────────┴──────────────┴────────────┴──────────┴────────┘
[CT] --------------------------------------------------------------------------------
[CT] ================================================================================
[dv2] dual PASS: checks={'inf_nan': True, 'max_re': True, 'mean_re': True, 'rmse': True, 'small_err': True} ratios={'max_re_ratio': 1.1468531468531469, 'mean_re_ratio': 1.042328377098052, 'rmse_ratio': 0.028539998480653785, 'small_err_ratio': 1.0633603146661093}

========== fixed_b176_t24_v256 ========== SKIP (already tested)

========== fixed_b711_t196_v256 ==========
B=711 Hk/Hv=4/32 T=196 K=128 V=256 cs=128 varlen=False
================== dh (dual: fp64 gt / npu-aligned bench) ==================
[CT] 日志文件将保存至: ct_dual_report.log
[CT] ================================================================================
[CT] 双标杆等级: [36mL1[0m   数据类型: [36mfloat32[0m
[CT] --------------------------------------------------------------------------------
[CT] [33m[配置信息]:[0m
[CT]   最大相对误差比例阈值:   	5.0
[CT]   平均相对误差比例阈值:   	1.5
[CT]   均方根误差比例阈值:     	1.5
[CT]   小值域错误计数比例阈值: 	2.0
[CT]   小值域阈值:            	6.103515625e-05
[CT]   小值域错误阈值:        	9.313225746154785e-10
[CT] --------------------------------------------------------------------------------
[CT] [33m[数据分布统计]:[0m (统计值基于有限值，忽略 Inf/NaN)
[CT]  ┌──────────┬──────────┬──────────┬────────────────┬────────────────┬────────────────┬────────────────┬────────────────┐
[CT]  │ 数据     │ 总数     │ 有限值   │ 最大值         │ 最小值         │ 均值           │ 中位数         │ 方差           │
[CT]  ├──────────┼──────────┼──────────┼────────────────┼────────────────┼────────────────┼────────────────┼────────────────┤
[CT]  │ Test     │ 1491075072 │ 1491075072 │ 1.014709e-03   │ -9.498596e-04  │ -1.418788e-09  │ 0.000000e+00   │ 1.297101e-08   │
[CT]  │ Golden   │ 1491075072 │ 1491075072 │ 1.020083e-03   │ -9.487234e-04  │ -1.412367e-09  │ 0.000000e+00   │ 1.297108e-08   │
[CT]  │ Bench    │ 1491075072 │ 1491075072 │ 1.022339e-03   │ -9.498596e-04  │ -1.407148e-09  │ 0.000000e+00   │ 1.297106e-08   │
[CT]  └──────────┴──────────┴──────────┴────────────────┴────────────────┴────────────────┴────────────────┴────────────────┘
[CT] --------------------------------------------------------------------------------
[CT] [33m[对比结果]:[0m
[CT] --------------------------------------------------------------------------------
[CT]  1. Inf/NaN 特殊值一致性检查: 	[[32mPASS[0m]
[CT]  2. 数值精度指标详细对比:
[CT] --------------------------------------------------------------------------------
[CT]  ┌─────────────────┬──────────────┬──────────────┬────────────┬──────────┬────────┐
[CT]  │ 指标类别        │ 待测数据     │ 标杆数据     │ 比值       │ 阈值     │ 结果   │
[CT]  ├─────────────────┼──────────────┼──────────────┼────────────┼──────────┼────────┤
[CT]  │ MARE_ratio      │ 0.009080     │ 0.005053     │ 1.7967     │ 5.00     │ [32mOK[0m     │
[CT]  │ MERE_ratio      │ 0.001913     │ 0.001435     │ 1.3333     │ 1.50     │ [32mOK[0m     │
[CT]  │ RMSE_ratio      │ 0.000000     │ 0.000000     │ 0.0073     │ 1.50     │ [32mOK[0m     │
[CT]  │ ERR_COUNT_ratio │ 217320273    │ 216470223    │ 1.0039     │ 2.00     │ [32mOK[0m     │
[CT]  └─────────────────┴──────────────┴──────────────┴────────────┴──────────┴────────┘
[CT] --------------------------------------------------------------------------------
[CT] ================================================================================
[dh] dual PASS: checks={'inf_nan': True, 'max_re': True, 'mean_re': True, 'rmse': True, 'small_err': True} ratios={'max_re_ratio': 1.7967413159881234, 'mean_re_ratio': 1.3333411446052403, 'rmse_ratio': 0.007327402844552195, 'small_err_ratio': 1.0039268680385662}
================== dv2 (dual: fp64 gt / npu-aligned bench) ==================
[CT] 日志文件将保存至: ct_dual_report.log
[CT] ================================================================================
[CT] 双标杆等级: [36mL1[0m   数据类型: [36mfloat32[0m
[CT] --------------------------------------------------------------------------------
[CT] [33m[配置信息]:[0m
[CT]   最大相对误差比例阈值:   	5.0
[CT]   平均相对误差比例阈值:   	1.5
[CT]   均方根误差比例阈值:     	1.5
[CT]   小值域错误计数比例阈值: 	2.0
[CT]   小值域阈值:            	6.103515625e-05
[CT]   小值域错误阈值:        	9.313225746154785e-10
[CT] --------------------------------------------------------------------------------
[CT] [33m[数据分布统计]:[0m (统计值基于有限值，忽略 Inf/NaN)
[CT]  ┌──────────┬──────────┬──────────┬────────────────┬────────────────┬────────────────┬────────────────┬────────────────┐
[CT]  │ 数据     │ 总数     │ 有限值   │ 最大值         │ 最小值         │ 均值           │ 中位数         │ 方差           │
[CT]  ├──────────┼──────────┼──────────┼────────────────┼────────────────┼────────────────┼────────────────┼────────────────┤
[CT]  │ Test     │ 1141604352 │ 1141604352 │ 9.033203e-03   │ -9.033203e-03  │ -1.520383e-07  │ -4.209578e-07  │ 2.699945e-05   │
[CT]  │ Golden   │ 1141604352 │ 1141604352 │ 9.033203e-03   │ -9.033203e-03  │ -1.520404e-07  │ -4.228204e-07  │ 2.699945e-05   │
[CT]  │ Bench    │ 1141604352 │ 1141604352 │ 9.033203e-03   │ -9.033203e-03  │ -1.520276e-07  │ -4.228204e-07  │ 2.699945e-05   │
[CT]  └──────────┴──────────┴──────────┴────────────────┴────────────────┴────────────────┴────────────────┴────────────────┘
[CT] --------------------------------------------------------------------------------
[CT] [33m[对比结果]:[0m
[CT] --------------------------------------------------------------------------------
[CT]  1. Inf/NaN 特殊值一致性检查: 	[[32mPASS[0m]
[CT]  2. 数值精度指标详细对比:
[CT] --------------------------------------------------------------------------------
[CT]  ┌─────────────────┬──────────────┬──────────────┬────────────┬──────────┬────────┐
[CT]  │ 指标类别        │ 待测数据     │ 标杆数据     │ 比值       │ 阈值     │ 结果   │
[CT]  ├─────────────────┼──────────────┼──────────────┼────────────┼──────────┼────────┤
[CT]  │ MARE_ratio      │ 0.007812     │ 0.007812     │ 1.0000     │ 5.00     │ [32mOK[0m     │
[CT]  │ MERE_ratio      │ 0.000005     │ 0.000003     │ 0.0851     │ 1.50     │ [32mOK[0m     │
[CT]  │ RMSE_ratio      │ 0.000000     │ 0.000000     │ 0.0057     │ 1.50     │ [32mOK[0m     │
[CT]  │ ERR_COUNT_ratio │ 890559       │ 595323       │ 1.4959     │ 2.00     │ [32mOK[0m     │
[CT]  └─────────────────┴──────────────┴──────────────┴────────────┴──────────┴────────┘
[CT] --------------------------------------------------------------------------------
[CT] ================================================================================
[dv2] dual PASS: checks={'inf_nan': True, 'max_re': True, 'mean_re': True, 'rmse': True, 'small_err': True} ratios={'max_re_ratio': 1.0, 'mean_re_ratio': 0.08512171045411311, 'rmse_ratio': 0.005695616801673948, 'small_err_ratio': 1.495925741152282}

===== SUMMARY =====
smoke_varlen_t256_v256: SKIP (BWD_HU_SKIP_CASES)
smoke_fixed_t4096_v256: SKIP (BWD_HU_SKIP_CASES)
varlen_t16384_v256_cu2: PASS (dh=PASS dv2=PASS)
varlen_t16384_v256_cu128: SKIP (BWD_HU_SKIP_CASES)
varlen_t65536_v256_cu17: PASS (dh=PASS dv2=PASS)
varlen_t65536_v256_cu172: PASS (dh=PASS dv2=PASS)
varlen_t65536_v256_cu668: PASS (dh=PASS dv2=PASS)
fixed_b16_t2048_v256: PASS (dh=PASS dv2=PASS)
fixed_b176_t24_v256: SKIP (BWD_HU_SKIP_CASES)
fixed_b711_t196_v256: PASS (dh=PASS dv2=PASS)
varlen_t262144_v256_cu32: SKIP (CPU fp64 golden T=262144 过慢，暂跳过)
