device=7 save_out=0 skip=smoke_varlen_t256_v256,smoke_fixed_t4096_v256,fixed_b176_t24_v256
[MODE] random input + dual(fp64 gt / npu-aligned bench), no example dump
device=7 save_out=False skip=['fixed_b176_t24_v256', 'smoke_fixed_t4096_v256', 'smoke_varlen_t256_v256'] cases=11 Vdim=256

========== smoke_varlen_t256_v256 ========== SKIP (already tested)

========== smoke_fixed_t4096_v256 ========== SKIP (already tested)

========== varlen_t16384_v256_cu2 ==========
B=1 Hk/Hv=21/63 T=16384 K=128 V=256 cs=64 varlen=True
FAIL: generate_cu_seqlens: 各段之和为 256，与期望 total_length=16384 不一致。 当前 batchsize=1、seg 约束 [64,128]，请增加序列条数或放宽/调整 T。

========== varlen_t16384_v256_cu128 ==========
B=1 Hk/Hv=16/32 T=16384 K=128 V=256 cs=64 varlen=True
[W625 20:07:55.591220630 NPUCachingAllocator.cpp:196] Warning: The current CANN and Soc Version require processing for 32 padding size, with memory allocation. (function operator())
================== dh (dual: fp64 gt / npu-aligned bench) ==================
[CT] 日志文件将保存至: ct_dual_report.log
[CT] ================================================================================
[CT] 双标杆等级: [36mL1[0m   数据类型: [36mfloat32[0m
[CT] --------------------------------------------------------------------------------
[CT] [33m[配置信息]:[0m
[CT]   最大相对误差比例阈值:   	5.0
[CT]   平均相对误差比例阈值:   	1.5
[CT]   均方根误差比例阈值:     	1.5
[CT]   小值域错误计数比例阈值: 	2.0
[CT]   小值域阈值:            	6.103515625e-05
[CT]   小值域错误阈值:        	9.313225746154785e-10
[CT] --------------------------------------------------------------------------------
[CT] [33m[数据分布统计]:[0m (统计值基于有限值，忽略 Inf/NaN)
[CT]  ┌──────────┬──────────┬──────────┬────────────────┬────────────────┬────────────────┬────────────────┬────────────────┐
[CT]  │ 数据     │ 总数     │ 有限值   │ 最大值         │ 最小值         │ 均值           │ 中位数         │ 方差           │
[CT]  ├──────────┼──────────┼──────────┼────────────────┼────────────────┼────────────────┼────────────────┼────────────────┤
[CT]  │ Test     │ 399507456 │ 399507456 │ 8.926392e-04   │ -9.078979e-04  │ -6.509274e-09  │ 0.000000e+00   │ 8.393406e-09   │
[CT]  │ Golden   │ 399507456 │ 399507456 │ 8.940639e-04   │ -9.058160e-04  │ -6.514142e-09  │ 0.000000e+00   │ 8.393458e-09   │
[CT]  │ Bench    │ 399507456 │ 399507456 │ 8.926392e-04   │ -9.040833e-04  │ -6.518732e-09  │ 0.000000e+00   │ 8.393444e-09   │
[CT]  └──────────┴──────────┴──────────┴────────────────┴────────────────┴────────────────┴────────────────┴────────────────┘
[CT] --------------------------------------------------------------------------------
[CT] [33m[对比结果]:[0m
[CT] --------------------------------------------------------------------------------
[CT]  1. Inf/NaN 特殊值一致性检查: 	[[32mPASS[0m]
[CT]  2. 数值精度指标详细对比:
[CT] --------------------------------------------------------------------------------
[CT]  ┌─────────────────┬──────────────┬──────────────┬────────────┬──────────┬────────┐
[CT]  │ 指标类别        │ 待测数据     │ 标杆数据     │ 比值       │ 阈值     │ 结果   │
[CT]  ├─────────────────┼──────────────┼──────────────┼────────────┼──────────┼────────┤
[CT]  │ MARE_ratio      │ 0.016255     │ 0.008683     │ 1.8721     │ 5.00     │ [32mOK[0m     │
[CT]  │ MERE_ratio      │ 0.001941     │ 0.001455     │ 1.3341     │ 1.50     │ [32mOK[0m     │
[CT]  │ RMSE_ratio      │ 0.000000     │ 0.000000     │ 0.0072     │ 1.50     │ [32mOK[0m     │
[CT]  │ ERR_COUNT_ratio │ 163286757    │ 161325662    │ 1.0122     │ 2.00     │ [32mOK[0m     │
[CT]  └─────────────────┴──────────────┴──────────────┴────────────┴──────────┴────────┘
[CT] --------------------------------------------------------------------------------
[CT] ================================================================================
[dh] dual PASS: checks={'inf_nan': True, 'max_re': True, 'mean_re': True, 'rmse': True, 'small_err': True} ratios={'max_re_ratio': 1.872077712993494, 'mean_re_ratio': 1.3341069880749044, 'rmse_ratio': 0.007209066824223753, 'small_err_ratio': 1.0121561255394074}
================== dv2 (dual: fp64 gt / npu-aligned bench) ==================
[CT] 日志文件将保存至: ct_dual_report.log
[CT] ================================================================================
[CT] 双标杆等级: [36mL1[0m   数据类型: [36mfloat32[0m
[CT] --------------------------------------------------------------------------------
[CT] [33m[配置信息]:[0m
[CT]   最大相对误差比例阈值:   	5.0
[CT]   平均相对误差比例阈值:   	1.5
[CT]   均方根误差比例阈值:     	1.5
[CT]   小值域错误计数比例阈值: 	2.0
[CT]   小值域阈值:            	6.103515625e-05
[CT]   小值域错误阈值:        	9.313225746154785e-10
[CT] --------------------------------------------------------------------------------
[CT] [33m[数据分布统计]:[0m (统计值基于有限值，忽略 Inf/NaN)
[CT]  ┌──────────┬──────────┬──────────┬────────────────┬────────────────┬────────────────┬────────────────┬────────────────┐
[CT]  │ 数据     │ 总数     │ 有限值   │ 最大值         │ 最小值         │ 均值           │ 中位数         │ 方差           │
[CT]  ├──────────┼──────────┼──────────┼────────────────┼────────────────┼────────────────┼────────────────┼────────────────┤
[CT]  │ Test     │ 134217728 │ 134217728 │ 8.972168e-03   │ -9.033203e-03  │ -3.894353e-07  │ 2.384186e-07   │ 2.699953e-05   │
[CT]  │ Golden   │ 134217728 │ 134217728 │ 8.972168e-03   │ -9.033203e-03  │ -3.894816e-07  │ 2.440065e-07   │ 2.699953e-05   │
[CT]  │ Bench    │ 134217728 │ 134217728 │ 8.972168e-03   │ -9.033203e-03  │ -3.894476e-07  │ 2.440065e-07   │ 2.699953e-05   │
[CT]  └──────────┴──────────┴──────────┴────────────────┴────────────────┴────────────────┴────────────────┴────────────────┘
[CT] --------------------------------------------------------------------------------
[CT] [33m[对比结果]:[0m
[CT] --------------------------------------------------------------------------------
[CT]  1. Inf/NaN 特殊值一致性检查: 	[[32mPASS[0m]
[CT]  2. 数值精度指标详细对比:
[CT] --------------------------------------------------------------------------------
[CT]  ┌─────────────────┬──────────────┬──────────────┬────────────┬──────────┬────────┐
[CT]  │ 指标类别        │ 待测数据     │ 标杆数据     │ 比值       │ 阈值     │ 结果   │
[CT]  ├─────────────────┼──────────────┼──────────────┼────────────┼──────────┼────────┤
[CT]  │ MARE_ratio      │ 0.007812     │ 0.007812     │ 1.0000     │ 5.00     │ [32mOK[0m     │
[CT]  │ MERE_ratio      │ 0.000006     │ 0.000002     │ 0.0931     │ 1.50     │ [32mOK[0m     │
[CT]  │ RMSE_ratio      │ 0.000000     │ 0.000000     │ 0.0063     │ 1.50     │ [32mOK[0m     │
[CT]  │ ERR_COUNT_ratio │ 101034       │ 60332        │ 1.6746     │ 2.00     │ [32mOK[0m     │
[CT]  └─────────────────┴──────────────┴──────────────┴────────────┴──────────┴────────┘
[CT] --------------------------------------------------------------------------------
[CT] ================================================================================
[dv2] dual PASS: checks={'inf_nan': True, 'max_re': True, 'mean_re': True, 'rmse': True, 'small_err': True} ratios={'max_re_ratio': 1.0, 'mean_re_ratio': 0.09307733631582568, 'rmse_ratio': 0.006342776937362669, 'small_err_ratio': 1.6746336935622887}

========== varlen_t65536_v256_cu17 ==========
B=1 Hk/Hv=4/32 T=65536 K=128 V=256 cs=128 varlen=True
FAIL: generate_cu_seqlens: 各段之和为 4096，与期望 total_length=65536 不一致。 当前 batchsize=16、seg 约束 [64,128]，请增加序列条数或放宽/调整 T。

========== varlen_t65536_v256_cu172 ==========
B=1 Hk/Hv=8/32 T=65536 K=128 V=256 cs=128 varlen=True
FAIL: generate_cu_seqlens: 各段之和为 43776，与期望 total_length=65536 不一致。 当前 batchsize=171、seg 约束 [64,128]，请增加序列条数或放宽/调整 T。

========== varlen_t65536_v256_cu668 ==========
B=1 Hk/Hv=16/32 T=65536 K=128 V=256 cs=64 varlen=True
run_bwd_dhu_gva_cases.sh: line 26: 3303773 Killed                  python3 test_npu_bwd_dhu_gva.py
