device=7 out_dir=/data/fangziyang/code/0525/flash-linear-attention-npu/torch_custom/fla_npu/test/bwd_dhu_out
[MODE] random input + dual(fp64 gt / npu-aligned bench), no example dump
device=7 out_root=/data/fangziyang/code/0525/flash-linear-attention-npu/torch_custom/fla_npu/test/bwd_dhu_out cases=11 Vdim=256

========== smoke_varlen_t256_v256 ==========
B=1 Hk/Hv=16/32 T=256 K=128 V=256 cs=64 varlen=True
[W625 16:25:54.418727450 NPUCachingAllocator.cpp:196] Warning: The current CANN and Soc Version require processing for 32 padding size, with memory allocation. (function operator())
================== dh (dual: fp64 gt / npu-aligned bench) ==================
[CT] 日志文件将保存至: ct_dual_report.log
[CT] ================================================================================
[CT] 双标杆等级: [36mL1[0m   数据类型: [36mfloat32[0m
[CT] --------------------------------------------------------------------------------
[CT] [33m[配置信息]:[0m
[CT]   最大相对误差比例阈值:   	5.0
[CT]   平均相对误差比例阈值:   	1.5
[CT]   均方根误差比例阈值:     	1.5
[CT]   小值域错误计数比例阈值: 	2.0
[CT]   小值域阈值:            	6.103515625e-05
[CT]   小值域错误阈值:        	9.313225746154785e-10
[CT] --------------------------------------------------------------------------------
[CT] [33m[数据分布统计]:[0m (统计值基于有限值，忽略 Inf/NaN)
[CT]  ┌──────────┬──────────┬──────────┬────────────────┬────────────────┬────────────────┬────────────────┬────────────────┐
[CT]  │ 数据     │ 总数     │ 有限值   │ 最大值         │ 最小值         │ 均值           │ 中位数         │ 方差           │
[CT]  ├──────────┼──────────┼──────────┼────────────────┼────────────────┼────────────────┼────────────────┼────────────────┤
[CT]  │ Test     │ 4194304  │ 4194304  │ 0.000000e+00   │ 0.000000e+00   │ 0.000000e+00   │ 0.000000e+00   │ 0.000000e+00   │
[CT]  │ Golden   │ 4194304  │ 4194304  │ 0.000000e+00   │ 0.000000e+00   │ 0.000000e+00   │ 0.000000e+00   │ 0.000000e+00   │
[CT]  │ Bench    │ 4194304  │ 4194304  │ 0.000000e+00   │ 0.000000e+00   │ 0.000000e+00   │ 0.000000e+00   │ 0.000000e+00   │
[CT]  └──────────┴──────────┴──────────┴────────────────┴────────────────┴────────────────┴────────────────┴────────────────┘
[CT] --------------------------------------------------------------------------------
[CT] [33m[对比结果]:[0m
[CT] --------------------------------------------------------------------------------
[CT]  1. Inf/NaN 特殊值一致性检查: 	[[32mPASS[0m]
[CT]  2. 数值精度指标详细对比:
[CT] --------------------------------------------------------------------------------
[CT]  ┌─────────────────┬──────────────┬──────────────┬────────────┬──────────┬────────┐
[CT]  │ 指标类别        │ 待测数据     │ 标杆数据     │ 比值       │ 阈值     │ 结果   │
[CT]  ├─────────────────┼──────────────┼──────────────┼────────────┼──────────┼────────┤
[CT]  │ MARE_ratio      │ 0.000000     │ 0.000000     │ 0.0000     │ 5.00     │ [32mOK[0m     │
[CT]  │ MERE_ratio      │ 0.000000     │ 0.000000     │ 0.0000     │ 1.50     │ [32mOK[0m     │
[CT]  │ RMSE_ratio      │ 0.000000     │ 0.000000     │ 0.0000     │ 1.50     │ [32mOK[0m     │
[CT]  │ ERR_COUNT_ratio │ 0            │ 0            │ 0.0000     │ 2.00     │ [32mOK[0m     │
[CT]  └─────────────────┴──────────────┴──────────────┴────────────┴──────────┴────────┘
[CT] --------------------------------------------------------------------------------
[CT] ================================================================================
[dh] dual PASS: checks={'inf_nan': True, 'max_re': True, 'mean_re': True, 'rmse': True, 'small_err': True} ratios={'max_re_ratio': 0.0, 'mean_re_ratio': 0.0, 'rmse_ratio': 0.0, 'small_err_ratio': 0.0}
================== dv2 (dual: fp64 gt / npu-aligned bench) ==================
[CT] 日志文件将保存至: ct_dual_report.log
[CT] ================================================================================
[CT] 双标杆等级: [36mL1[0m   数据类型: [36mfloat32[0m
[CT] --------------------------------------------------------------------------------
[CT] [33m[配置信息]:[0m
[CT]   最大相对误差比例阈值:   	5.0
[CT]   平均相对误差比例阈值:   	1.5
[CT]   均方根误差比例阈值:     	1.5
[CT]   小值域错误计数比例阈值: 	2.0
[CT]   小值域阈值:            	6.103515625e-05
[CT]   小值域错误阈值:        	9.313225746154785e-10
[CT] --------------------------------------------------------------------------------
[CT] [33m[数据分布统计]:[0m (统计值基于有限值，忽略 Inf/NaN)
[CT]  ┌──────────┬──────────┬──────────┬────────────────┬────────────────┬────────────────┬────────────────┬────────────────┐
[CT]  │ 数据     │ 总数     │ 有限值   │ 最大值         │ 最小值         │ 均值           │ 中位数         │ 方差           │
[CT]  ├──────────┼──────────┼──────────┼────────────────┼────────────────┼────────────────┼────────────────┼────────────────┤
[CT]  │ Test     │ 2097152  │ 2097152  │ 8.972168e-03   │ -8.972168e-03  │ 1.211049e-06   │ 5.096197e-06   │ 2.700929e-05   │
[CT]  │ Golden   │ 2097152  │ 2097152  │ 8.972168e-03   │ -8.972168e-03  │ 1.211049e-06   │ 5.096197e-06   │ 2.700929e-05   │
[CT]  │ Bench    │ 2097152  │ 2097152  │ 8.972168e-03   │ -8.972168e-03  │ 1.211049e-06   │ 5.096197e-06   │ 2.700929e-05   │
[CT]  └──────────┴──────────┴──────────┴────────────────┴────────────────┴────────────────┴────────────────┴────────────────┘
[CT] --------------------------------------------------------------------------------
[CT] [33m[对比结果]:[0m
[CT] --------------------------------------------------------------------------------
[CT]  1. Inf/NaN 特殊值一致性检查: 	[[32mPASS[0m]
[CT]  2. 数值精度指标详细对比:
[CT] --------------------------------------------------------------------------------
[CT]  ┌─────────────────┬──────────────┬──────────────┬────────────┬──────────┬────────┐
[CT]  │ 指标类别        │ 待测数据     │ 标杆数据     │ 比值       │ 阈值     │ 结果   │
[CT]  ├─────────────────┼──────────────┼──────────────┼────────────┼──────────┼────────┤
[CT]  │ MARE_ratio      │ 0.000000     │ 0.000000     │ 0.0000     │ 5.00     │ [32mOK[0m     │
[CT]  │ MERE_ratio      │ 0.000000     │ 0.000000     │ 0.0000     │ 1.50     │ [32mOK[0m     │
[CT]  │ RMSE_ratio      │ 0.000000     │ 0.000000     │ 0.0000     │ 1.50     │ [32mOK[0m     │
[CT]  │ ERR_COUNT_ratio │ 0            │ 0            │ 0.0000     │ 2.00     │ [32mOK[0m     │
[CT]  └─────────────────┴──────────────┴──────────────┴────────────┴──────────┴────────┘
[CT] --------------------------------------------------------------------------------
[CT] ================================================================================
[dv2] dual PASS: checks={'inf_nan': True, 'max_re': True, 'mean_re': True, 'rmse': True, 'small_err': True} ratios={'max_re_ratio': 0.0, 'mean_re_ratio': 0.0, 'rmse_ratio': 0.0, 'small_err_ratio': 0.0}

========== fixed_b176_t24_v256 ==========
B=176 Hk/Hv=2/64 T=24 K=128 V=256 cs=64 varlen=False
================== dh (dual: fp64 gt / npu-aligned bench) ==================
[CT] 日志文件将保存至: ct_dual_report.log
[CT] ================================================================================
[CT] 双标杆等级: [36mL1[0m   数据类型: [36mfloat32[0m
[CT] --------------------------------------------------------------------------------
[CT] [33m[配置信息]:[0m
[CT]   最大相对误差比例阈值:   	5.0
[CT]   平均相对误差比例阈值:   	1.5
[CT]   均方根误差比例阈值:     	1.5
[CT]   小值域错误计数比例阈值: 	2.0
[CT]   小值域阈值:            	6.103515625e-05
[CT]   小值域错误阈值:        	9.313225746154785e-10
[CT] --------------------------------------------------------------------------------
[CT] [33m[数据分布统计]:[0m (统计值基于有限值，忽略 Inf/NaN)
[CT]  ┌──────────┬──────────┬──────────┬────────────────┬────────────────┬────────────────┬────────────────┬────────────────┐
[CT]  │ 数据     │ 总数     │ 有限值   │ 最大值         │ 最小值         │ 均值           │ 中位数         │ 方差           │
[CT]  ├──────────┼──────────┼──────────┼────────────────┼────────────────┼────────────────┼────────────────┼────────────────┤
[CT]  │ Test     │ 369098752 │ 369098752 │ 0.000000e+00   │ 0.000000e+00   │ 0.000000e+00   │ 0.000000e+00   │ 0.000000e+00   │
[CT]  │ Golden   │ 369098752 │ 369098752 │ 0.000000e+00   │ 0.000000e+00   │ 0.000000e+00   │ 0.000000e+00   │ 0.000000e+00   │
[CT]  │ Bench    │ 369098752 │ 369098752 │ 0.000000e+00   │ 0.000000e+00   │ 0.000000e+00   │ 0.000000e+00   │ 0.000000e+00   │
[CT]  └──────────┴──────────┴──────────┴────────────────┴────────────────┴────────────────┴────────────────┴────────────────┘
[CT] --------------------------------------------------------------------------------
[CT] [33m[对比结果]:[0m
[CT] --------------------------------------------------------------------------------
[CT]  1. Inf/NaN 特殊值一致性检查: 	[[32mPASS[0m]
[CT]  2. 数值精度指标详细对比:
[CT] --------------------------------------------------------------------------------
[CT]  ┌─────────────────┬──────────────┬──────────────┬────────────┬──────────┬────────┐
[CT]  │ 指标类别        │ 待测数据     │ 标杆数据     │ 比值       │ 阈值     │ 结果   │
[CT]  ├─────────────────┼──────────────┼──────────────┼────────────┼──────────┼────────┤
[CT]  │ MARE_ratio      │ 0.000000     │ 0.000000     │ 0.0000     │ 5.00     │ [32mOK[0m     │
[CT]  │ MERE_ratio      │ 0.000000     │ 0.000000     │ 0.0000     │ 1.50     │ [32mOK[0m     │
[CT]  │ RMSE_ratio      │ 0.000000     │ 0.000000     │ 0.0000     │ 1.50     │ [32mOK[0m     │
[CT]  │ ERR_COUNT_ratio │ 0            │ 0            │ 0.0000     │ 2.00     │ [32mOK[0m     │
[CT]  └─────────────────┴──────────────┴──────────────┴────────────┴──────────┴────────┘
[CT] --------------------------------------------------------------------------------
[CT] ================================================================================
[dh] dual PASS: checks={'inf_nan': True, 'max_re': True, 'mean_re': True, 'rmse': True, 'small_err': True} ratios={'max_re_ratio': 0.0, 'mean_re_ratio': 0.0, 'rmse_ratio': 0.0, 'small_err_ratio': 0.0}
================== dv2 (dual: fp64 gt / npu-aligned bench) ==================
[CT] 日志文件将保存至: ct_dual_report.log
[CT] ================================================================================
[CT] 双标杆等级: [36mL1[0m   数据类型: [36mfloat32[0m
[CT] --------------------------------------------------------------------------------
[CT] [33m[配置信息]:[0m
[CT]   最大相对误差比例阈值:   	5.0
[CT]   平均相对误差比例阈值:   	1.5
[CT]   均方根误差比例阈值:     	1.5
[CT]   小值域错误计数比例阈值: 	2.0
[CT]   小值域阈值:            	6.103515625e-05
[CT]   小值域错误阈值:        	9.313225746154785e-10
[CT] --------------------------------------------------------------------------------
[CT] [33m[数据分布统计]:[0m (统计值基于有限值，忽略 Inf/NaN)
[CT]  ┌──────────┬──────────┬──────────┬────────────────┬────────────────┬────────────────┬────────────────┬────────────────┐
[CT]  │ 数据     │ 总数     │ 有限值   │ 最大值         │ 最小值         │ 均值           │ 中位数         │ 方差           │
[CT]  ├──────────┼──────────┼──────────┼────────────────┼────────────────┼────────────────┼────────────────┼────────────────┤
[CT]  │ Test     │ 69206016 │ 69206016 │ 8.972168e-03   │ -8.972168e-03  │ -2.912327e-07  │ -7.683411e-08  │ 2.699948e-05   │
[CT]  │ Golden   │ 69206016 │ 69206016 │ 8.972168e-03   │ -8.972168e-03  │ -2.912327e-07  │ -7.683411e-08  │ 2.699948e-05   │
[CT]  │ Bench    │ 69206016 │ 69206016 │ 8.972168e-03   │ -8.972168e-03  │ -2.912327e-07  │ -7.683411e-08  │ 2.699948e-05   │
[CT]  └──────────┴──────────┴──────────┴────────────────┴────────────────┴────────────────┴────────────────┴────────────────┘
[CT] --------------------------------------------------------------------------------
[CT] [33m[对比结果]:[0m
[CT] --------------------------------------------------------------------------------
[CT]  1. Inf/NaN 特殊值一致性检查: 	[[32mPASS[0m]
[CT]  2. 数值精度指标详细对比:
[CT] --------------------------------------------------------------------------------
[CT]  ┌─────────────────┬──────────────┬──────────────┬────────────┬──────────┬────────┐
[CT]  │ 指标类别        │ 待测数据     │ 标杆数据     │ 比值       │ 阈值     │ 结果   │
[CT]  ├─────────────────┼──────────────┼──────────────┼────────────┼──────────┼────────┤
[CT]  │ MARE_ratio      │ 0.000000     │ 0.000000     │ 0.0000     │ 5.00     │ [32mOK[0m     │
[CT]  │ MERE_ratio      │ 0.000000     │ 0.000000     │ 0.0000     │ 1.50     │ [32mOK[0m     │
[CT]  │ RMSE_ratio      │ 0.000000     │ 0.000000     │ 0.0000     │ 1.50     │ [32mOK[0m     │
[CT]  │ ERR_COUNT_ratio │ 0            │ 0            │ 0.0000     │ 2.00     │ [32mOK[0m     │
[CT]  └─────────────────┴──────────────┴──────────────┴────────────┴──────────┴────────┘
[CT] --------------------------------------------------------------------------------
[CT] ================================================================================
[dv2] dual PASS: checks={'inf_nan': True, 'max_re': True, 'mean_re': True, 'rmse': True, 'small_err': True} ratios={'max_re_ratio': 0.0, 'mean_re_ratio': 0.0, 'rmse_ratio': 0.0, 'small_err_ratio': 0.0}

========== fixed_b711_t196_v256 ==========
B=711 Hk/Hv=4/32 T=196 K=128 V=256 cs=128 varlen=False
